// Vitest Snapshot v1, https://vitest.dev/guide/snapshot.html

exports[`Steps > should be able to render Steps component 1`] = `
<div>
  test
</div>
`;
