// Vitest Snapshot v1, https://vitest.dev/guide/snapshot.html

exports[`Input > it should be able to render Input component 1`] = `
<div
  class="MuiFormControl-root MuiFormControl-fullWidth MuiTextField-root css-wb57ya-MuiFormControl-root-MuiTextField-root"
>
  <div
    class="MuiInputBase-root MuiOutlinedInput-root MuiInputBase-colorSecondary MuiInputBase-fullWidth MuiInputBase-formControl css-1j0w0ul-MuiInputBase-root-MuiOutlinedInput-root"
  >
    <input
      aria-invalid="false"
      class="MuiInputBase-input MuiOutlinedInput-input css-1t8l2tu-MuiInputBase-input-MuiOutlinedInput-input"
      id=":r0:"
      type="text"
      value=""
    />
    <fieldset
      aria-hidden="true"
      class="MuiOutlinedInput-notchedOutline css-1d3z3hw-MuiOutlinedInput-notchedOutline"
    >
      <legend
        class="css-ihdtdm"
      >
        <span
          class="notranslate"
        >
          â€‹
        </span>
      </legend>
    </fieldset>
  </div>
</div>
`;
